\BOOKMARK [0][-]{chapter.1}{Reinforcement Learning for Sparse-Reward Object-Interaction Tasks in First-person Simulated 3D Environments}{}% 1
\BOOKMARK [0][-]{chapter.2}{Fellowship Project Proposal}{}% 2
